#0 building with "default" instance using docker driver

#1 [mysql_db internal] load build definition from Dockerfile.mysql
#1 transferring dockerfile: 861B done
#1 DONE 0.0s

#2 [cert_local internal] load build definition from Dockerfile.cert-local
#2 transferring dockerfile: 386B done
#2 DONE 0.0s

#3 [redis internal] load build definition from Dockerfile.redis
#3 transferring dockerfile: 393B done
#3 DONE 0.0s

#4 [mysql_db internal] load metadata for docker.io/library/mysql@sha256:707f5c087531fde2fe4cd0fa3a125c7467e99b7f6282a3e6ed338604aedb8c25
#4 DONE 0.1s

#5 [redis internal] load metadata for docker.io/library/redis@sha256:6cbef353e480a8a6e7f10ec545f13d7d3fa85a212cdcc5ffaf5a1c818b9d3798
#5 DONE 0.1s

#6 [mysql_db internal] load .dockerignore
#6 transferring context: 2B done
#6 DONE 0.0s

#7 [cert_local internal] load metadata for docker.io/library/alpine@sha256:865b95f46d98cf867a156fe4a135ad3fe50d2056aa3f25ed31662dff6da4eb62
#7 DONE 0.1s

#8 [mysql_db internal] load build context
#8 DONE 0.0s

#9 [redis internal] load .dockerignore
#9 transferring context: 2B done
#9 DONE 0.0s

#10 [redis internal] load build context
#10 DONE 0.0s

#11 [cert_local internal] load .dockerignore
#11 transferring context: 2B done
#11 DONE 0.0s

#12 [cert_local internal] load build context
#12 DONE 0.0s

#13 [mysql_db 1/9] FROM docker.io/library/mysql@sha256:707f5c087531fde2fe4cd0fa3a125c7467e99b7f6282a3e6ed338604aedb8c25
#13 resolve docker.io/library/mysql@sha256:707f5c087531fde2fe4cd0fa3a125c7467e99b7f6282a3e6ed338604aedb8c25 0.1s done
#13 DONE 0.1s

#14 [cert_local 1/4] FROM docker.io/library/alpine@sha256:865b95f46d98cf867a156fe4a135ad3fe50d2056aa3f25ed31662dff6da4eb62
#14 resolve docker.io/library/alpine@sha256:865b95f46d98cf867a156fe4a135ad3fe50d2056aa3f25ed31662dff6da4eb62
#14 resolve docker.io/library/alpine@sha256:865b95f46d98cf867a156fe4a135ad3fe50d2056aa3f25ed31662dff6da4eb62 0.1s done
#14 DONE 0.1s

#15 [redis 1/3] FROM docker.io/library/redis@sha256:6cbef353e480a8a6e7f10ec545f13d7d3fa85a212cdcc5ffaf5a1c818b9d3798
#15 resolve docker.io/library/redis@sha256:6cbef353e480a8a6e7f10ec545f13d7d3fa85a212cdcc5ffaf5a1c818b9d3798 0.1s done
#15 DONE 0.1s

#8 [mysql_db internal] load build context
#8 transferring context: 218B done
#8 DONE 0.0s

#16 [mysql_db 7/9] COPY scripts/generate-certs.sh /generate-certs.sh
#16 CACHED

#17 [mysql_db 6/9] COPY scripts/custom-entrypoint.sh /custom-entrypoint.sh
#17 CACHED

#18 [mysql_db 8/9] COPY scripts/read-db-credentials.sh /read-db-credentials.sh
#18 CACHED

#19 [mysql_db 4/9] RUN apt-get update && apt-get install -y gettext-base && rm -rf /var/lib/apt/lists/*
#19 CACHED

#20 [mysql_db 5/9] COPY scripts/entry.sql.template /tmp/entry.sql.template
#20 CACHED

#21 [mysql_db 2/9] RUN apt-get update && apt-get install -y openssl libssl-dev
#21 CACHED

#22 [mysql_db 3/9] RUN rm -f /etc/apt/sources.list.d/mysql.list /etc/apt/sources.list.d/mysql-*.list || true
#22 CACHED

#23 [mysql_db 9/9] RUN chmod u+x /custom-entrypoint.sh /read-db-credentials.sh /generate-certs.sh
#23 CACHED

#10 [redis internal] load build context
#10 transferring context: 35B done
#10 DONE 0.0s

#12 [cert_local internal] load build context
#12 transferring context: 73B done
#12 DONE 0.0s

#24 [redis 2/3] COPY entrypoint.sh /usr/local/bin/entrypoint.sh
#24 CACHED

#25 [redis 3/3] RUN chmod +x /usr/local/bin/entrypoint.sh
#25 CACHED

#26 [cert_local 2/4] RUN apk add --no-cache openssl
#26 CACHED

#27 [cert_local 3/4] COPY scripts/generate_cert.sh /usr/local/bin/generate_cert.sh
#27 CACHED

#28 [cert_local 4/4] RUN chmod +x /usr/local/bin/generate_cert.sh
#28 CACHED

#29 [cert_local] exporting to image
#29 exporting layers done
#29 exporting manifest sha256:8fb6408981af4665eed9749edbd94cecdd341390e13408e0f442c2e0e1159e36 0.0s done
#29 exporting config sha256:399d910930db0e16fcf35691e997317e86661c4e43d4fa64381e0b589e000887
#29 exporting config sha256:399d910930db0e16fcf35691e997317e86661c4e43d4fa64381e0b589e000887 0.0s done
#29 exporting attestation manifest sha256:9547d3e297890f8055e4ded87fd020123a56b1dc8921dfe2637b5f3c84a7de59
#29 ...

#30 [mysql_db] exporting to image
#30 exporting layers 0.0s done
#30 exporting manifest sha256:52fcc93e11b7f38f00461545aaad5deaec26d8cedca09f527f3fc148298697fe done
#30 exporting config sha256:2685305b633fd70b46cbfd4580ada5b74c33e2415738dd8e0d635539939eeeff done
#30 exporting attestation manifest sha256:226fc9854089137e16f3ccdea7b50a646476253db63cf110e46e5b98d1205bf7 0.7s done
#30 exporting manifest list sha256:beb07dcdc0bb1992db145fba72d214f4e7836c1081b0a58c34f0343017157a94 0.2s done
#30 naming to docker.io/local/starterkit.laravel-react-docker:mysql-db.latest 0.0s done
#30 unpacking to docker.io/local/starterkit.laravel-react-docker:mysql-db.latest 0.0s done
#30 DONE 1.0s

#29 [cert_local] exporting to image
#29 exporting attestation manifest sha256:9547d3e297890f8055e4ded87fd020123a56b1dc8921dfe2637b5f3c84a7de59 0.1s done
#29 exporting manifest list sha256:99fb98b1e7e89cdd602fd8c5cb9a80e8910045c89f3a158fe0f504d59cacdd82 0.1s done
#29 naming to docker.io/local/starterkit.laravel-react-docker:cert-local.latest
#29 naming to docker.io/local/starterkit.laravel-react-docker:cert-local.latest 0.0s done
#29 unpacking to docker.io/local/starterkit.laravel-react-docker:cert-local.latest 0.1s done
#29 DONE 1.1s

#31 [redis] exporting to image
#31 exporting layers done
#31 exporting manifest sha256:46744b4e24fafadbc07c3fd8892e6c2abc7bd5e3800188196bd516a56f24a6e9 0.0s done
#31 exporting config sha256:11ad07d50620f39d71ce2ea68f55148c11368b886d1d7d5b43eea7d39e36cfc0 0.0s done
#31 exporting attestation manifest sha256:9f26c6051b3b502caa75a8d1520b9633cb9af8b096ec2914cb3263bbf9dc4e92 0.1s done
#31 exporting manifest list sha256:816dea1bd6f13c8238021d221f629fe6f865399e2cdb9053a774335a54d71318 0.1s done
#31 naming to docker.io/local/starterkit.laravel-react-docker:website-redis.latest 0.0s done
#31 unpacking to docker.io/local/starterkit.laravel-react-docker:website-redis.latest 0.1s done
#31 DONE 1.2s

#32 [mysql_db] resolving provenance for metadata file
#32 ...

#33 [cert_local] resolving provenance for metadata file
#33 DONE 0.9s

#32 [mysql_db] resolving provenance for metadata file
#32 DONE 0.9s

#34 [redis] resolving provenance for metadata file
#34 DONE 0.0s

#35 [nginx internal] load build definition from Dockerfile.nginx
#35 transferring dockerfile: 692B done
#35 DONE 0.0s

#36 [nginx internal] load metadata for docker.io/library/nginx@sha256:b0f7830b6bfaa1258f45d94c240ab668ced1b3651c8a222aefe6683447c7bf55
#36 DONE 0.1s

#37 [nginx internal] load .dockerignore
#37 transferring context: 2B done
#37 DONE 0.0s

#38 [nginx internal] load build context
#38 DONE 0.0s

#39 [nginx 1/6] FROM docker.io/library/nginx@sha256:b0f7830b6bfaa1258f45d94c240ab668ced1b3651c8a222aefe6683447c7bf55
#39 resolve docker.io/library/nginx@sha256:b0f7830b6bfaa1258f45d94c240ab668ced1b3651c8a222aefe6683447c7bf55
#39 resolve docker.io/library/nginx@sha256:b0f7830b6bfaa1258f45d94c240ab668ced1b3651c8a222aefe6683447c7bf55 0.3s done
#39 DONE 0.7s

#38 [nginx internal] load build context
#38 transferring context: 267B done
#38 DONE 0.0s

#40 [nginx 2/6] COPY conf.d/*.template /etc/nginx/templates/
#40 CACHED

#41 [nginx 3/6] COPY conf.d/nginx.conf /etc/nginx/nginx.conf
#41 CACHED

#42 [nginx 5/6] COPY scripts/polling.sh /usr/local/bin/polling.sh
#42 CACHED

#43 [nginx 4/6] COPY scripts/entrypoint.sh /usr/local/bin/entrypoint.sh
#43 CACHED

#44 [nginx 6/6] RUN chmod +x /usr/local/bin/entrypoint.sh /usr/local/bin/polling.sh
#44 CACHED

#45 [nginx] exporting to image
#45 exporting layers 0.0s done
#45 exporting manifest sha256:944e44a5b7e7ad741973dd452f7155fe5205df4bb7c73d207b679907500efa65 done
#45 exporting config sha256:83eefc9e819ea1e8759d03f707218c1cd23c9e2417d50034f8e26ea9a90b4526 done
#45 exporting attestation manifest sha256:7db1d424f10108587388b27d3351317474562462ca5ebdc8f3d0fe6dd5a6c011 0.1s done
#45 exporting manifest list sha256:0eef1c819049a789d161e074f3edeb3b23248171b59111cedb368bb98305c2e3
#45 exporting manifest list sha256:0eef1c819049a789d161e074f3edeb3b23248171b59111cedb368bb98305c2e3 0.0s done
#45 naming to docker.io/local/starterkit.laravel-react-docker:website-nginx.latest 0.0s done
#45 unpacking to docker.io/local/starterkit.laravel-react-docker:website-nginx.latest 0.0s done
#45 DONE 0.2s

#46 [nginx] resolving provenance for metadata file
#46 DONE 0.0s

#47 [certbot internal] load build definition from Dockerfile.certbot
#47 transferring dockerfile: 831B done
#47 DONE 0.0s

#48 [certbot internal] load metadata for docker.io/certbot/certbot@sha256:5255405f241cd64b121f36ef0172711420816bbbd9c029674de53e5ed953182d
#48 DONE 0.4s

#49 [certbot internal] load .dockerignore
#49 transferring context: 2B done
#49 DONE 0.4s

#50 [certbot 1/8] FROM docker.io/certbot/certbot@sha256:5255405f241cd64b121f36ef0172711420816bbbd9c029674de53e5ed953182d
#50 resolve docker.io/certbot/certbot@sha256:5255405f241cd64b121f36ef0172711420816bbbd9c029674de53e5ed953182d 0.1s done
#50 DONE 0.1s

#51 [certbot internal] load build context
#51 transferring context: 114B done
#51 DONE 0.0s

#52 [certbot 2/8] COPY scripts/certbot_renew.sh /certbot_renew.sh
#52 CACHED

#53 [certbot 4/8] RUN echo "0 2 * * * root /certbot_renew.sh >> /var/log/cron.log 2>&1" > /etc/crontabs/certbot-renew
#53 CACHED

#54 [certbot 5/8] RUN chmod 0644 /etc/crontabs/certbot-renew
#54 CACHED

#55 [certbot 6/8] RUN crontab /etc/crontabs/certbot-renew
#55 CACHED

#56 [certbot 7/8] COPY scripts/entrypoint.sh /usr/local/bin/entrypoint.sh
#56 CACHED

#57 [certbot 3/8] RUN chmod +x /certbot_renew.sh
#57 CACHED

#58 [certbot 8/8] RUN chmod +x /usr/local/bin/entrypoint.sh
#58 CACHED

#59 [certbot] exporting to image
#59 exporting layers 0.0s done
#59 exporting manifest sha256:b8c18d79f245e429790590c3e4d19aaa62713c9bd00324a127defb1603df9cb3 done
#59 exporting config sha256:8475463aee1e15e34829ba7016b2dba7678e2abc3ccbc55c842f215d4ce4c406 0.0s done
#59 exporting attestation manifest sha256:4436b28f06e4e6f3bd038eaebd2cc39f61ac29acb3453f61a5e3f66eea9015d3 0.0s done
#59 exporting manifest list sha256:0f5a5574e791e7db78f40c4a208adb756e287580c2785409ab76bcfe29a8335e
#59 exporting manifest list sha256:0f5a5574e791e7db78f40c4a208adb756e287580c2785409ab76bcfe29a8335e 0.0s done
#59 naming to docker.io/local/starterkit.laravel-react-docker:website-certbot.latest done
#59 unpacking to docker.io/local/starterkit.laravel-react-docker:website-certbot.latest 0.0s done
#59 DONE 0.2s

#60 [certbot] resolving provenance for metadata file
#60 DONE 0.1s
