==> Building laravel-base
#0 building with "default" instance using docker driver

#1 [internal] load build definition from Dockerfile.laravel-base
#1 transferring dockerfile: 3.88kB done
#1 DONE 0.0s

#2 [internal] load metadata for docker.io/library/composer@sha256:ce78434db8122b0c3b0ec2056da0072551780d60e864943008c3f5a785db0900
#2 DONE 0.1s

#3 [internal] load metadata for docker.io/library/php@sha256:37ab5e71c4f064723cef73abe87a52e1cc10d116da88f26a08444cd3fdbd75a0
#3 DONE 0.1s

#4 [internal] load .dockerignore
#4 transferring context: 416B done
#4 DONE 0.0s

#5 [internal] load build context
#5 DONE 0.0s

#6 [stage-0  1/25] FROM docker.io/library/php@sha256:37ab5e71c4f064723cef73abe87a52e1cc10d116da88f26a08444cd3fdbd75a0
#6 resolve docker.io/library/php@sha256:37ab5e71c4f064723cef73abe87a52e1cc10d116da88f26a08444cd3fdbd75a0 0.1s done
#6 DONE 0.1s

#7 FROM docker.io/library/composer@sha256:ce78434db8122b0c3b0ec2056da0072551780d60e864943008c3f5a785db0900
#7 resolve docker.io/library/composer@sha256:ce78434db8122b0c3b0ec2056da0072551780d60e864943008c3f5a785db0900 0.1s done
#7 DONE 0.1s

#5 [internal] load build context
#5 transferring context: 5.42kB 0.1s done
#5 DONE 0.1s

#8 [stage-0 19/25] COPY docker/img_laravel/scripts/test.sh                          /usr/local/bin/test.sh
#8 CACHED

#9 [stage-0 17/25] COPY docker/img_laravel/scripts/clone_db_for_testing.sh          /usr/local/bin/clone_db_for_testing.sh
#9 CACHED

#10 [stage-0 13/25] RUN chown -R www-data:www-data /var/www
#10 CACHED

#11 [stage-0 18/25] COPY docker/img_laravel/scripts/test_cloned_db.sh                /usr/local/bin/test_cloned_db.sh
#11 CACHED

#12 [stage-0 22/25] RUN chown root:shared           /usr/local/bin/read-redis-password.sh           && chmod 550 /usr/local/bin/read-redis-password.sh
#12 CACHED

#13 [stage-0  8/25] RUN usermod -u 1000 www-data && groupmod -g 1000 www-data
#13 CACHED

#14 [stage-0  3/25] RUN docker-php-ext-install pdo pdo_mysql bcmath
#14 CACHED

#15 [stage-0 15/25] COPY docker/img_laravel/scripts/read-db-credentials-testing.sh   /usr/local/bin/read-db-credentials-testing.sh
#15 CACHED

#16 [stage-0  4/25] RUN pecl install redis && docker-php-ext-enable redis
#16 CACHED

#17 [stage-0  9/25] RUN groupadd -g 1002 testrunner
#17 CACHED

#18 [stage-0 24/25] RUN chown root:testrunner       /usr/local/bin/test_cloned_db.sh                && chmod 550 /usr/local/bin/test_cloned_db.sh
#18 CACHED

#19 [stage-0  7/25] WORKDIR /var/www
#19 CACHED

#20 [stage-0 20/25] RUN chown root:www-data         /usr/local/bin/read-db-credentials.sh           && chmod 550 /usr/local/bin/read-db-credentials.sh
#20 CACHED

#21 [stage-0 21/25] RUN chown root:www-data         /usr/local/bin/test.sh                          && chmod 550 /usr/local/bin/test.sh
#21 CACHED

#22 [stage-0  5/25] RUN npm install -g vite
#22 CACHED

#23 [stage-0 11/25] RUN groupadd -g 1003 shared
#23 CACHED

#24 [stage-0 14/25] COPY docker/img_laravel/scripts/read-db-credentials.sh           /usr/local/bin/read-db-credentials.sh
#24 CACHED

#25 [stage-0 12/25] RUN usermod -a -G shared www-data && usermod -a -G shared testrunner
#25 CACHED

#26 [stage-0 16/25] COPY docker/img_laravel/scripts/read-redis-password.sh           /usr/local/bin/read-redis-password.sh
#26 CACHED

#27 [stage-0  6/25] COPY --from=composer@sha256:ce78434db8122b0c3b0ec2056da0072551780d60e864943008c3f5a785db0900 /usr/bin/composer /usr/bin/composer
#27 CACHED

#28 [stage-0 23/25] RUN chown root:shared           /usr/local/bin/read-db-credentials-testing.sh   && chmod 550 /usr/local/bin/read-db-credentials-testing.sh
#28 CACHED

#29 [stage-0  2/25] RUN apt-get update && apt-get install -y     git     curl     zip     unzip     libpng-dev     libjpeg-dev     nodejs     npm     default-mysql-client
#29 CACHED

#30 [stage-0 10/25] RUN useradd -u 1002 -ms /bin/bash -g testrunner testrunner
#30 CACHED

#31 [stage-0 25/25] RUN chown root:testrunner       /usr/local/bin/clone_db_for_testing.sh          && chmod 550 /usr/local/bin/clone_db_for_testing.sh
#31 CACHED

#32 exporting to image
#32 exporting layers 0.0s done
#32 exporting manifest sha256:2c591e5eb75c7112866119547f9ad93776f0bdfd3ad600065fc89dc1d1539081
#32 exporting manifest sha256:2c591e5eb75c7112866119547f9ad93776f0bdfd3ad600065fc89dc1d1539081 0.4s done
#32 exporting config sha256:9a99c2cb2aff6572ed76d9de8fbe12b10e0ce68c444fc3a4f0268b4032dc5e45
#32 exporting config sha256:9a99c2cb2aff6572ed76d9de8fbe12b10e0ce68c444fc3a4f0268b4032dc5e45 0.4s done
#32 exporting attestation manifest sha256:824b805c5055d62cb411135ac4a7e6e0e9938505cf7a125edf5d052eb4e75b4e
#32 exporting attestation manifest sha256:824b805c5055d62cb411135ac4a7e6e0e9938505cf7a125edf5d052eb4e75b4e 0.2s done
#32 exporting manifest list sha256:a3f9ba098ae6df62010f7f01b02917d4937e1ee1594bf798297ad9ecb896e553
#32 exporting manifest list sha256:a3f9ba098ae6df62010f7f01b02917d4937e1ee1594bf798297ad9ecb896e553 0.1s done
#32 naming to docker.io/local/starterkit.laravel-react-docker:laravel-base.latest 0.0s done
#32 unpacking to docker.io/local/starterkit.laravel-react-docker:laravel-base.latest 0.1s done
#32 DONE 1.3s
==> Building laravel-app
#0 building with "default" instance using docker driver

#1 [internal] load build definition from Dockerfile.laravel-volume
#1 transferring dockerfile: 2.25kB done
#1 DONE 0.0s

#2 [internal] load metadata for docker.io/local/starterkit.laravel-react-docker:laravel-base.latest
#2 DONE 0.1s

#3 [internal] load metadata for docker.io/library/node@sha256:3680462e16df266d30b103a3e38e2bc315bf917d0ab873fbddbee437bf0bd2d0
#3 DONE 0.1s

#4 [internal] load .dockerignore
#4 transferring context: 416B done
#4 DONE 0.0s

#5 [stage-0 1/7] FROM docker.io/library/node@sha256:3680462e16df266d30b103a3e38e2bc315bf917d0ab873fbddbee437bf0bd2d0
#5 resolve docker.io/library/node@sha256:3680462e16df266d30b103a3e38e2bc315bf917d0ab873fbddbee437bf0bd2d0 0.0s done
#5 DONE 0.0s

#6 [internal] load build context
#6 transferring context: 3.65MB 0.2s done
#6 DONE 0.2s

#7 [stage-1 1/9] FROM docker.io/local/starterkit.laravel-react-docker:laravel-base.latest@sha256:a3f9ba098ae6df62010f7f01b02917d4937e1ee1594bf798297ad9ecb896e553
#7 resolve docker.io/local/starterkit.laravel-react-docker:laravel-base.latest@sha256:a3f9ba098ae6df62010f7f01b02917d4937e1ee1594bf798297ad9ecb896e553
#7 ...

#8 [auth] local/starterkit.laravel-react-docker:pull token for registry-1.docker.io
#8 DONE 0.0s

#7 [stage-1 1/9] FROM docker.io/local/starterkit.laravel-react-docker:laravel-base.latest@sha256:a3f9ba098ae6df62010f7f01b02917d4937e1ee1594bf798297ad9ecb896e553
#7 ...

#9 [auth] local/starterkit.laravel-react-docker:pull token for registry-1.docker.io
#9 DONE 0.0s

#7 [stage-1 1/9] FROM docker.io/local/starterkit.laravel-react-docker:laravel-base.latest@sha256:a3f9ba098ae6df62010f7f01b02917d4937e1ee1594bf798297ad9ecb896e553
#7 resolve docker.io/local/starterkit.laravel-react-docker:laravel-base.latest@sha256:a3f9ba098ae6df62010f7f01b02917d4937e1ee1594bf798297ad9ecb896e553 1.6s done
#7 DONE 1.6s

#7 [stage-1 1/9] FROM docker.io/local/starterkit.laravel-react-docker:laravel-base.latest@sha256:a3f9ba098ae6df62010f7f01b02917d4937e1ee1594bf798297ad9ecb896e553
#7 DONE 1.6s

#10 [stage-1 3/9] RUN composer install --no-scripts
#10 CACHED

#11 [stage-1 5/9] COPY --chown=www-data:www-data laravel_root/ .
#11 CACHED

#12 [stage-0 6/7] COPY laravel_root/resources ./resources
#12 CACHED

#13 [stage-0 3/7] COPY laravel_root/package.json laravel_root/package-lock.json ./
#13 CACHED

#14 [stage-0 4/7] COPY laravel_root/vite.config.* ./
#14 CACHED

#15 [stage-0 2/7] WORKDIR /var/www
#15 CACHED

#16 [stage-1 6/9] RUN composer run-script post-autoload-dump
#16 CACHED

#17 [stage-1 8/9] RUN chown -R www-data:shared /var/www/storage/logs     && chmod -R 770 /var/www/storage/logs
#17 CACHED

#18 [stage-0 5/7] RUN npm ci
#18 CACHED

#19 [stage-1 4/9] COPY --chown=www-data:www-data --from=0 /var/www/node_modules ./node_modules
#19 CACHED

#20 [stage-1 7/9] RUN npm run build
#20 CACHED

#21 [stage-1 2/9] COPY --chown=www-data:www-data laravel_root/composer.json laravel_root/composer.lock ./
#21 CACHED

#22 [stage-0 7/7] RUN npm install
#22 CACHED

#23 [stage-1 9/9] RUN chown -R www-data:shared /var/www/storage/framework/views     && chmod -R 770 /var/www/storage/framework/views
#23 CACHED

#24 exporting to image
#24 exporting layers 0.0s done
#24 exporting manifest sha256:63068b4dc137793b06fbd06db3e9e738b3b41bcb7b26c63e8a528e92742006b1 done
#24 exporting config sha256:391ac95c4d5fe495fc9bb43c73bd01d5c4de1d34be58fd63bdea7ae9cf36a44b 0.0s done
#24 exporting attestation manifest sha256:d4fe05af6fd4a48086d347e93788a2e92229bcd770a471a1a0a15e2495b036c0
#24 exporting attestation manifest sha256:d4fe05af6fd4a48086d347e93788a2e92229bcd770a471a1a0a15e2495b036c0 0.1s done
#24 exporting manifest list sha256:2e69a653cd7ce50cac30e41df4085a322ddc2700866fe5342f87169057e36af9
#24 exporting manifest list sha256:2e69a653cd7ce50cac30e41df4085a322ddc2700866fe5342f87169057e36af9 0.8s done
#24 naming to docker.io/local/starterkit.laravel-react-docker:laravel-app.latest
#24 naming to docker.io/local/starterkit.laravel-react-docker:laravel-app.latest done
#24 unpacking to docker.io/local/starterkit.laravel-react-docker:laravel-app.latest 0.1s done
#24 DONE 1.1s
